.......F
Test suit "TrueFalseTest" expect true: "ExpectFail" failed at __FILE__:__LINE__:
lhs: expected
    true
rhs: 1 == 3
    false
1 should not be equal to 3!
F
Test suit "TrueFalseTest" expect true: "ExpectFail" failed at __FILE__:__LINE__:
lhs: expected
    false
rhs: 114514 == 114514
    true
114514 should not be equal to 114514!
....F
Test suit "ExternalTest" expect true: "ExternalTestCase" failed at __FILE__:__LINE__:
lhs: expected
    false
rhs: 114514 != 1919810
    true
F
Test suit "ExternalTest" expect true: "ExternalTestCase" failed at __FILE__:__LINE__:
lhs: expected
    false
rhs: 67978 != 0
    true
67978 should not be equal to 0!
.
Test Finished.

    4 Test suit(s) finished: 2 Succeeded, 2 Failed.
