....................................F
Test suit "TrueFalseTest" expect "true": Case "ExpectFail" failed at __FILE__:__LINE__:
lhs: expected
    true
rhs: 1 == 3
    false
1 should not be equal to 3!
F
Test suit "TrueFalseTest" expect "true": Case "ExpectFail" failed at __FILE__:__LINE__:
lhs: expected
    false
rhs: 114514 == 114514
    true
114514 should not be equal to 114514!
F
Test suit "TrueFalseTest" expect "==": Case "ExpectFail" failed at __FILE__:__LINE__:
lhs: a
    3 (0x3)
rhs: b
    1 (0x1)
lhs = 3, rhs = 1
F
Test suit "TrueFalseTest" expect "==": Case "ExpectFail" failed at __FILE__:__LINE__:
lhs: 3
    3 (0x3)
rhs: -3
    -3 (0xfffffffd)
F
Test suit "TrueFalseTest" expect ">": Case "ExpectFail" failed at __FILE__:__LINE__:
lhs: -235326
    -235326 (0xfffc68c2)
rhs: -45
    -45 (0xffffffd3)
F
Test suit "TrueFalseTest" expect ">": Case "ExpectFail" failed at __FILE__:__LINE__:
lhs: -235326
    -235326 (0xfffc68c2)
rhs: -235326
    -235326 (0xfffc68c2)
F
Test suit "TrueFalseTest" expect "!=": Case "ExpectFail" failed at __FILE__:__LINE__:
lhs: 2
    2 (0x2)
rhs: 2
    2 (0x2)
F
Test suit "TrueFalseTest" expect ">=": Case "ExpectFail" failed at __FILE__:__LINE__:
lhs: 2
    2 (0x2)
rhs: 9
    9 (0x9)
F
Test suit "TrueFalseTest" expect "<": Case "ExpectFail" failed at __FILE__:__LINE__:
lhs: 9
    9 (0x9)
rhs: 0
    0 (0)
F
Test suit "TrueFalseTest" expect "<": Case "ExpectFail" failed at __FILE__:__LINE__:
lhs: -9
    -9 (0xfffffff7)
rhs: -9
    -9 (0xfffffff7)
F
Test suit "TrueFalseTest" expect "<=": Case "ExpectFail" failed at __FILE__:__LINE__:
lhs: 1
    1 (0x1)
rhs: 0
    0 (0)
F
Test suit "TrueFalseTest" expect "==": Case "ExpectFail" failed at __FILE__:__LINE__:
lhs: 2
    2 (0x2)
rhs: 3
    3 (0x3)
F
Test suit "TrueFalseTest" expect ">": Case "ExpectFail" failed at __FILE__:__LINE__:
lhs: 1
    1 (0x1)
rhs: 45
    45 (0x2d)
F
Test suit "TrueFalseTest" expect ">": Case "ExpectFail" failed at __FILE__:__LINE__:
lhs: 45
    45 (0x2d)
rhs: 45
    45 (0x2d)
F
Test suit "TrueFalseTest" expect "!=": Case "ExpectFail" failed at __FILE__:__LINE__:
lhs: 1
    1 (0x1)
rhs: 1
    1 (0x1)
F
Test suit "TrueFalseTest" expect ">=": Case "ExpectFail" failed at __FILE__:__LINE__:
lhs: 2
    2 (0x2)
rhs: 9
    9 (0x9)
F
Test suit "TrueFalseTest" expect "<": Case "ExpectFail" failed at __FILE__:__LINE__:
lhs: 90
    90 (0x5a)
rhs: 10
    10 (0xa)
F
Test suit "TrueFalseTest" expect "<": Case "ExpectFail" failed at __FILE__:__LINE__:
lhs: 10
    10 (0xa)
rhs: 10
    10 (0xa)
F
Test suit "TrueFalseTest" expect "<=": Case "ExpectFail" failed at __FILE__:__LINE__:
lhs: 17458388
    17458388 (0x10a64d4)
rhs: 3540
    3540 (0xdd4)
F
Test suit "TrueFalseTest" expect "==": Case "ExpectFail" failed at __FILE__:__LINE__:
lhs: str_arr
    Hello, World!
rhs: "dsuighr"
    dsuighr
str_arr is: Hello, World!
F
Test suit "TrueFalseTest" expect "==": Case "ExpectFail" failed at __FILE__:__LINE__:
lhs: 3.0
    3.000000
rhs: 3.001
    3.001000
F
Test suit "TrueFalseTest" expect ">": Case "ExpectFail" failed at __FILE__:__LINE__:
lhs: -235.326
    -235.326000
rhs: -4.5
    -4.500000
F
Test suit "TrueFalseTest" expect "!=": Case "ExpectFail" failed at __FILE__:__LINE__:
lhs: 1.0
    1.000000
rhs: 1.000001
    1.000001
F
Test suit "TrueFalseTest" expect ">=": Case "ExpectFail" failed at __FILE__:__LINE__:
lhs: -2.1
    -2.100000
rhs: 2.0
    2.000000
F
Test suit "TrueFalseTest" expect "<": Case "ExpectFail" failed at __FILE__:__LINE__:
lhs: -9.1
    -9.100000
rhs: -9.1
    -9.100000
F
Test suit "TrueFalseTest" expect "<=": Case "ExpectFail" failed at __FILE__:__LINE__:
lhs: 1.0
    1.000000
rhs: 0.0
    0.000000
....F
Test suit "ExternalTest" expect "true": Case "ExternalTestCase" failed at __FILE__:__LINE__:
lhs: expected
    false
rhs: 114514 != 1919810
    true
F
Test suit "ExternalTest" expect "true": Case "ExternalTestCase" failed at __FILE__:__LINE__:
lhs: expected
    false
rhs: 67978 != 0
    true
67978 should not be equal to 0!
.
Test Finished.

    4 Test suit(s) finished: 2 Succeeded, 2 Failed.
